
> spacefyy@1.0.0 seed
> node --env-file=.env seeds/seed.js

Found 12 seed files. Starting seeding...
📥 Seeding branchResources with 3 record(s)...
  ✓ branchResources (custom handling)
📥 Seeding businessBranch with 2 record(s)...
prisma:error 
Invalid `prisma.branch.upsert()` invocation:


Foreign key constraint violated on the constraint: `Branch_businessId_fkey`
❌ Error seeding businessBranch: PrismaClientKnownRequestError: 
Invalid `prisma.branch.upsert()` invocation:


Foreign key constraint violated on the constraint: `Branch_businessId_fkey`
    at qr.handleRequestError (D:\Youssef\spacefyy\node_modules\@prisma\client\runtime\client.js:65:8172)
    at qr.handleAndLogRequestError (D:\Youssef\spacefyy\node_modules\@prisma\client\runtime\client.js:65:7467)
    at qr.request (D:\Youssef\spacefyy\node_modules\@prisma\client\runtime\client.js:65:7174)
    at process.processTicksAndRejections (node:internal/process/task_queues:105:5)
    at async a (D:\Youssef\spacefyy\node_modules\@prisma\client\runtime\client.js:75:5816)
    at async main (file:///D:/Youssef/spacefyy/seeds/seed.js:75:15) {
  code: 'P2003',
  meta: {
    modelName: 'Branch',
    driverAdapterError: DriverAdapterError: ForeignKeyConstraintViolation
        at PrismaPgAdapter.onError (file:///D:/Youssef/spacefyy/node_modules/@prisma/adapter-pg/dist/index.mjs:651:11)
        at PrismaPgAdapter.performIO (file:///D:/Youssef/spacefyy/node_modules/@prisma/adapter-pg/dist/index.mjs:646:12)
        at process.processTicksAndRejections (node:internal/process/task_queues:105:5)
        at async PrismaPgAdapter.queryRaw (file:///D:/Youssef/spacefyy/node_modules/@prisma/adapter-pg/dist/index.mjs:566:30)
        at async D:\Youssef\spacefyy\node_modules\@prisma\client\runtime\client.js:11:24331
        at async fr (D:\Youssef\spacefyy\node_modules\@prisma\client\runtime\client.js:11:24170)
        at async e.interpretNode (D:\Youssef\spacefyy\node_modules\@prisma\client\runtime\client.js:11:42277)
        at async e.interpretNode (D:\Youssef\spacefyy\node_modules\@prisma\client\runtime\client.js:11:42701)
        at async e.interpretNode (D:\Youssef\spacefyy\node_modules\@prisma\client\runtime\client.js:11:43875)
        at async e.run (D:\Youssef\spacefyy\node_modules\@prisma\client\runtime\client.js:11:41116) {
      cause: [Object]
    }
  },
  clientVersion: '7.2.0'
}
📥 Seeding endedVisitDemo with 2 record(s)...
  ✓ endedVisitDemo (custom handling)
📥 Seeding getPermissionsId with 3 record(s)...
  ✓ getPermissionsId (custom handling)
📥 Seeding pricingDemo with 2 record(s)...
prisma:error 
Invalid `prisma.pricingRule.upsert()` invocation:

{
  where: {
    id: "66778899-aabb-4cdd-eeff-001122334455"
  },
  update: {
    id: "66778899-aabb-4cdd-eeff-001122334455",
    name: "Standard Pricing",
    pricingMode: "PER_HOUR",
    price: 10
  },
  create: {
    id: "66778899-aabb-4cdd-eeff-001122334455",
    name: "Standard Pricing",
    pricingMode: "FIXED",
    price: 10,
    spaceId: null,
    deviceId: null,
    unitId: null,
    equipmentId: null,
    isActive: true,
+   pricingType: PricingType
  }
}

Argument `pricingType` is missing.
❌ Error seeding pricingDemo: PrismaClientValidationError: 
Invalid `prisma.pricingRule.upsert()` invocation:

{
  where: {
    id: "66778899-aabb-4cdd-eeff-001122334455"
  },
  update: {
    id: "66778899-aabb-4cdd-eeff-001122334455",
    name: "Standard Pricing",
    pricingMode: "PER_HOUR",
    price: 10
  },
  create: {
    id: "66778899-aabb-4cdd-eeff-001122334455",
    name: "Standard Pricing",
    pricingMode: "FIXED",
    price: 10,
    spaceId: null,
    deviceId: null,
    unitId: null,
    equipmentId: null,
    isActive: true,
+   pricingType: PricingType
  }
}

Argument `pricingType` is missing.
    at tr (D:\Youssef\spacefyy\node_modules\@prisma\client\runtime\client.js:10:1379)
    at qr.handleRequestError (D:\Youssef\spacefyy\node_modules\@prisma\client\runtime\client.js:65:7815)
    at qr.handleAndLogRequestError (D:\Youssef\spacefyy\node_modules\@prisma\client\runtime\client.js:65:7467)
    at qr.request (D:\Youssef\spacefyy\node_modules\@prisma\client\runtime\client.js:65:7174)
    at process.processTicksAndRejections (node:internal/process/task_queues:105:5)
    at async a (D:\Youssef\spacefyy\node_modules\@prisma\client\runtime\client.js:75:5816)
    at async main (file:///D:/Youssef/spacefyy/seeds/seed.js:102:15) {
  clientVersion: '7.2.0'
}
📥 Seeding product with 3 record(s)...
prisma:error 
Invalid `prisma.product.upsert()` invocation:

{
  where: {
    id: "8899aabb-ccdd-4eff-0011-223344556677"
  },
  update: {
    id: "8899aabb-ccdd-4eff-0011-223344556677",
    branchId: "1a2b3c4d-5e6f-7a8b-9c0d-111213141516",
    name: "Game Pack",
    price: 5,
    isActive: true
  },
  create: {
    id: "8899aabb-ccdd-4eff-0011-223344556677",
    branchId: "1a2b3c4d-5e6f-7a8b-9c0d-111213141516",
    name: "Game Pack",
    price: 5,
    isActive: true,
    categoryId: null,
+   quantity: Int
  }
}

Argument `quantity` is missing.
❌ Error seeding product: PrismaClientValidationError: 
Invalid `prisma.product.upsert()` invocation:

{
  where: {
    id: "8899aabb-ccdd-4eff-0011-223344556677"
  },
  update: {
    id: "8899aabb-ccdd-4eff-0011-223344556677",
    branchId: "1a2b3c4d-5e6f-7a8b-9c0d-111213141516",
    name: "Game Pack",
    price: 5,
    isActive: true
  },
  create: {
    id: "8899aabb-ccdd-4eff-0011-223344556677",
    branchId: "1a2b3c4d-5e6f-7a8b-9c0d-111213141516",
    name: "Game Pack",
    price: 5,
    isActive: true,
    categoryId: null,
+   quantity: Int
  }
}

Argument `quantity` is missing.
    at tr (D:\Youssef\spacefyy\node_modules\@prisma\client\runtime\client.js:10:1379)
    at qr.handleRequestError (D:\Youssef\spacefyy\node_modules\@prisma\client\runtime\client.js:65:7815)
    at qr.handleAndLogRequestError (D:\Youssef\spacefyy\node_modules\@prisma\client\runtime\client.js:65:7467)
    at qr.request (D:\Youssef\spacefyy\node_modules\@prisma\client\runtime\client.js:65:7174)
    at process.processTicksAndRejections (node:internal/process/task_queues:105:5)
    at async a (D:\Youssef\spacefyy\node_modules\@prisma\client\runtime\client.js:75:5816)
    at async main (file:///D:/Youssef/spacefyy/seeds/seed.js:121:15) {
  clientVersion: '7.2.0'
}
📥 Seeding rbac with 2 record(s)...
  ✓ rbac (custom handling)
📥 Seeding semiDemo with 2 record(s)...
  ✓ semiDemo (custom handling)
📥 Seeding session with 2 record(s)...
prisma:error 
Invalid `prisma.session.upsert()` invocation:

{
  where: {
    id: "eeff0011-2233-4e77-ff88-990011223344"
  },
  update: {
    id: "eeff0011-2233-4e77-ff88-990011223344",
    visitId: "a1b2c3d4-e5f6-47a8-9b0c-7d6e5f4a3b20",
    status: "ACTIVE",
    startedAt: "2026-05-02T01:00:00.000Z"
  },
  create: {
    id: "eeff0011-2233-4e77-ff88-990011223344",
    visitId: "a1b2c3d4-e5f6-47a8-9b0c-7d6e5f4a3b20",
    status: "ACTIVE",
    startedAt: "2026-05-02T01:00:00.000Z",
    spaceId: null,
+   resourceType: SessionResourceType
  }
}

Argument `resourceType` is missing.
❌ Error seeding session: PrismaClientValidationError: 
Invalid `prisma.session.upsert()` invocation:

{
  where: {
    id: "eeff0011-2233-4e77-ff88-990011223344"
  },
  update: {
    id: "eeff0011-2233-4e77-ff88-990011223344",
    visitId: "a1b2c3d4-e5f6-47a8-9b0c-7d6e5f4a3b20",
    status: "ACTIVE",
    startedAt: "2026-05-02T01:00:00.000Z"
  },
  create: {
    id: "eeff0011-2233-4e77-ff88-990011223344",
    visitId: "a1b2c3d4-e5f6-47a8-9b0c-7d6e5f4a3b20",
    status: "ACTIVE",
    startedAt: "2026-05-02T01:00:00.000Z",
    spaceId: null,
+   resourceType: SessionResourceType
  }
}

Argument `resourceType` is missing.
    at tr (D:\Youssef\spacefyy\node_modules\@prisma\client\runtime\client.js:10:1379)
    at qr.handleRequestError (D:\Youssef\spacefyy\node_modules\@prisma\client\runtime\client.js:65:7815)
    at qr.handleAndLogRequestError (D:\Youssef\spacefyy\node_modules\@prisma\client\runtime\client.js:65:7467)
    at qr.request (D:\Youssef\spacefyy\node_modules\@prisma\client\runtime\client.js:65:7174)
    at process.processTicksAndRejections (node:internal/process/task_queues:105:5)
    at async a (D:\Youssef\spacefyy\node_modules\@prisma\client\runtime\client.js:75:5816)
    at async main (file:///D:/Youssef/spacefyy/seeds/seed.js:140:15) {
  clientVersion: '7.2.0'
}
📥 Seeding spaceSeed with 2 record(s)...
prisma:error 
Invalid `prisma.space.upsert()` invocation:

{
  where: {
    id: "01122334-5566-47aa-bbcc-ddeeff223344"
  },
  update: {
    id: "01122334-5566-47aa-bbcc-ddeeff223344",
    branchId: "1a2b3c4d-5e6f-7a8b-9c0d-111213141516",
    name: "Main Space",
    type: "PUBLIC",
    createdAt: "2026-05-02T00:00:00.000Z"
  },
  create: {
    id: "01122334-5566-47aa-bbcc-ddeeff223344",
    branchId: "1a2b3c4d-5e6f-7a8b-9c0d-111213141516",
    name: "Main Space",
    type: "PUBLIC",
    createdAt: "2026-05-02T00:00:00.000Z",
    image: null,
+   capacity: Int
  }
}

Argument `capacity` is missing.
❌ Error seeding spaceSeed: PrismaClientValidationError: 
Invalid `prisma.space.upsert()` invocation:

{
  where: {
    id: "01122334-5566-47aa-bbcc-ddeeff223344"
  },
  update: {
    id: "01122334-5566-47aa-bbcc-ddeeff223344",
    branchId: "1a2b3c4d-5e6f-7a8b-9c0d-111213141516",
    name: "Main Space",
    type: "PUBLIC",
    createdAt: "2026-05-02T00:00:00.000Z"
  },
  create: {
    id: "01122334-5566-47aa-bbcc-ddeeff223344",
    branchId: "1a2b3c4d-5e6f-7a8b-9c0d-111213141516",
    name: "Main Space",
    type: "PUBLIC",
    createdAt: "2026-05-02T00:00:00.000Z",
    image: null,
+   capacity: Int
  }
}

Argument `capacity` is missing.
    at tr (D:\Youssef\spacefyy\node_modules\@prisma\client\runtime\client.js:10:1379)
    at qr.handleRequestError (D:\Youssef\spacefyy\node_modules\@prisma\client\runtime\client.js:65:7815)
    at qr.handleAndLogRequestError (D:\Youssef\spacefyy\node_modules\@prisma\client\runtime\client.js:65:7467)
    at qr.request (D:\Youssef\spacefyy\node_modules\@prisma\client\runtime\client.js:65:7174)
    at process.processTicksAndRejections (node:internal/process/task_queues:105:5)
    at async a (D:\Youssef\spacefyy\node_modules\@prisma\client\runtime\client.js:75:5816)
    at async main (file:///D:/Youssef/spacefyy/seeds/seed.js:155:15) {
  clientVersion: '7.2.0'
}
📥 Seeding usersWithAllRoles with 2 record(s)...
prisma:error 
Invalid `prisma.user.upsert()` invocation:

{
  where: {
    id: "23344556-7788-49bb-ccdd-eeff00113322"
  },
  update: {
    name: "Owner User"
  },
  create: {
    id: "23344556-7788-49bb-ccdd-eeff00113322",
    email: "owner@example.com",
    name: "Owner User",
    password: "hashed_demo_password",
    language: "EN",
+   phone: String
  }
}

Argument `phone` is missing.
❌ Error seeding usersWithAllRoles: PrismaClientValidationError: 
Invalid `prisma.user.upsert()` invocation:

{
  where: {
    id: "23344556-7788-49bb-ccdd-eeff00113322"
  },
  update: {
    name: "Owner User"
  },
  create: {
    id: "23344556-7788-49bb-ccdd-eeff00113322",
    email: "owner@example.com",
    name: "Owner User",
    password: "hashed_demo_password",
    language: "EN",
+   phone: String
  }
}

Argument `phone` is missing.
    at tr (D:\Youssef\spacefyy\node_modules\@prisma\client\runtime\client.js:10:1379)
    at qr.handleRequestError (D:\Youssef\spacefyy\node_modules\@prisma\client\runtime\client.js:65:7815)
    at qr.handleAndLogRequestError (D:\Youssef\spacefyy\node_modules\@prisma\client\runtime\client.js:65:7467)
    at qr.request (D:\Youssef\spacefyy\node_modules\@prisma\client\runtime\client.js:65:7174)
    at process.processTicksAndRejections (node:internal/process/task_queues:105:5)
    at async a (D:\Youssef\spacefyy\node_modules\@prisma\client\runtime\client.js:75:5816)
    at async main (file:///D:/Youssef/spacefyy/seeds/seed.js:179:15) {
  clientVersion: '7.2.0'
}
📥 Seeding visitSession with 2 record(s)...
prisma:error 
Invalid `prisma.visit.upsert()` invocation:

{
  where: {
    id: "c3d4e5f6-a7b8-49c0-1d2e-9f8e7d6c5b40"
  },
  update: {},
  create: {
    id: "c3d4e5f6-a7b8-49c0-1d2e-9f8e7d6c5b40",
    customerId: null,
    branchId: null,
    status: "ACTIVE",
    startTime: new Date("2026-05-02T18:53:10.503Z"),
+   startedAt: DateTime
  }
}

Argument `startedAt` is missing.
❌ Error seeding visitSession: PrismaClientValidationError: 
Invalid `prisma.visit.upsert()` invocation:

{
  where: {
    id: "c3d4e5f6-a7b8-49c0-1d2e-9f8e7d6c5b40"
  },
  update: {},
  create: {
    id: "c3d4e5f6-a7b8-49c0-1d2e-9f8e7d6c5b40",
    customerId: null,
    branchId: null,
    status: "ACTIVE",
    startTime: new Date("2026-05-02T18:53:10.503Z"),
+   startedAt: DateTime
  }
}

Argument `startedAt` is missing.
    at tr (D:\Youssef\spacefyy\node_modules\@prisma\client\runtime\client.js:10:1379)
    at qr.handleRequestError (D:\Youssef\spacefyy\node_modules\@prisma\client\runtime\client.js:65:7815)
    at qr.handleAndLogRequestError (D:\Youssef\spacefyy\node_modules\@prisma\client\runtime\client.js:65:7467)
    at qr.request (D:\Youssef\spacefyy\node_modules\@prisma\client\runtime\client.js:65:7174)
    at process.processTicksAndRejections (node:internal/process/task_queues:105:5)
    at async a (D:\Youssef\spacefyy\node_modules\@prisma\client\runtime\client.js:75:5816)
    at async main (file:///D:/Youssef/spacefyy/seeds/seed.js:196:15) {
  clientVersion: '7.2.0'
}

✅ Seeding complete!
